Step 1: importing chromadb...
  chromadb 1.5.2 imported
Step 2: creating ONNX embedding function directly...
Step 3: creating client + collection...
Step 4: adding document...
